GPU 0 (NVIDIA GeForce GTX 970) core clock: 135.0 MHz, temp: 30.0 degC , usage: 0.0 %, power: 23047 W
GPU 0 (NVIDIA GeForce GTX 970) core clock: 911.0 MHz, temp: 37.0 degC , usage: 100.0 %, power: 148726 W
GPU 0 (NVIDIA GeForce GTX 970) core clock: 949.0 MHz, temp: 39.0 degC , usage: 100.0 %, power: 152860 W
GPU 0 (NVIDIA GeForce GTX 970) core clock: 949.0 MHz, temp: 40.0 degC , usage: 100.0 %, power: 153049 W
GPU 0 (NVIDIA GeForce GTX 970) core clock: 949.0 MHz, temp: 40.0 degC , usage: 100.0 %, power: 153144 W
GPU 0 (NVIDIA GeForce GTX 970) core clock: 949.0 MHz, temp: 41.0 degC , usage: 100.0 %, power: 153088 W
GPU 0 (NVIDIA GeForce GTX 970) core clock: 949.0 MHz, temp: 41.0 degC , usage: 100.0 %, power: 152954 W
GPU 0 (NVIDIA GeForce GTX 970) core clock: 949.0 MHz, temp: 42.0 degC , usage: 100.0 %, power: 153239 W
GPU 0 (NVIDIA GeForce GTX 970) core clock: 949.0 MHz, temp: 42.0 degC , usage: 100.0 %, power: 152515 W
GPU 0 (NVIDIA GeForce GTX 970) core clock: 949.0 MHz, temp: 43.0 degC , usage: 100.0 %, power: 152614 W
GPU 0 (NVIDIA GeForce GTX 970) core clock: 949.0 MHz, temp: 43.0 degC , usage: 100.0 %, power: 152709 W
GPU 0 (NVIDIA GeForce GTX 970) core clock: 949.0 MHz, temp: 44.0 degC , usage: 100.0 %, power: 153239 W
GPU 0 (NVIDIA GeForce GTX 970) core clock: 949.0 MHz, temp: 44.0 degC , usage: 100.0 %, power: 153088 W
GPU 0 (NVIDIA GeForce GTX 970) core clock: 949.0 MHz, temp: 44.0 degC , usage: 100.0 %, power: 153170 W
GPU 0 (NVIDIA GeForce GTX 970) core clock: 936.0 MHz, temp: 45.0 degC , usage: 100.0 %, power: 152253 W
GPU 0 (NVIDIA GeForce GTX 970) core clock: 936.0 MHz, temp: 45.0 degC , usage: 100.0 %, power: 152127 W
GPU 0 (NVIDIA GeForce GTX 970) core clock: 949.0 MHz, temp: 45.0 degC , usage: 100.0 %, power: 153713 W
GPU 0 (NVIDIA GeForce GTX 970) core clock: 949.0 MHz, temp: 46.0 degC , usage: 100.0 %, power: 153170 W
GPU 0 (NVIDIA GeForce GTX 970) core clock: 949.0 MHz, temp: 46.0 degC , usage: 100.0 %, power: 153902 W
GPU 0 (NVIDIA GeForce GTX 970) core clock: 936.0 MHz, temp: 46.0 degC , usage: 100.0 %, power: 152412 W
GPU 0 (NVIDIA GeForce GTX 970) core clock: 949.0 MHz, temp: 47.0 degC , usage: 100.0 %, power: 152640 W
GPU 0 (NVIDIA GeForce GTX 970) core clock: 949.0 MHz, temp: 47.0 degC , usage: 100.0 %, power: 151881 W
GPU 0 (NVIDIA GeForce GTX 970) core clock: 961.0 MHz, temp: 48.0 degC , usage: 100.0 %, power: 153549 W
GPU 0 (NVIDIA GeForce GTX 970) core clock: 949.0 MHz, temp: 48.0 degC , usage: 100.0 %, power: 152886 W
GPU 0 (NVIDIA GeForce GTX 970) core clock: 949.0 MHz, temp: 48.0 degC , usage: 100.0 %, power: 152791 W
GPU 0 (NVIDIA GeForce GTX 970) core clock: 949.0 MHz, temp: 48.0 degC , usage: 100.0 %, power: 152980 W
GPU 0 (NVIDIA GeForce GTX 970) core clock: 949.0 MHz, temp: 49.0 degC , usage: 100.0 %, power: 153075 W
GPU 0 (NVIDIA GeForce GTX 970) core clock: 949.0 MHz, temp: 49.0 degC , usage: 100.0 %, power: 152545 W
GPU 0 (NVIDIA GeForce GTX 970) core clock: 949.0 MHz, temp: 49.0 degC , usage: 100.0 %, power: 152670 W
GPU 0 (NVIDIA GeForce GTX 970) core clock: 949.0 MHz, temp: 50.0 degC , usage: 100.0 %, power: 152412 W
GPU 0 (NVIDIA GeForce GTX 970) core clock: 949.0 MHz, temp: 50.0 degC , usage: 100.0 %, power: 152916 W
GPU 0 (NVIDIA GeForce GTX 970) core clock: 949.0 MHz, temp: 50.0 degC , usage: 100.0 %, power: 153295 W
GPU 0 (NVIDIA GeForce GTX 970) core clock: 949.0 MHz, temp: 51.0 degC , usage: 100.0 %, power: 153010 W
GPU 0 (NVIDIA GeForce GTX 970) core clock: 949.0 MHz, temp: 51.0 degC , usage: 100.0 %, power: 152657 W
GPU 0 (NVIDIA GeForce GTX 970) core clock: 949.0 MHz, temp: 51.0 degC , usage: 100.0 %, power: 152954 W
GPU 0 (NVIDIA GeForce GTX 970) core clock: 949.0 MHz, temp: 51.0 degC , usage: 100.0 %, power: 152726 W
GPU 0 (NVIDIA GeForce GTX 970) core clock: 949.0 MHz, temp: 52.0 degC , usage: 100.0 %, power: 153049 W
GPU 0 (NVIDIA GeForce GTX 970) core clock: 949.0 MHz, temp: 52.0 degC , usage: 100.0 %, power: 153295 W
GPU 0 (NVIDIA GeForce GTX 970) core clock: 949.0 MHz, temp: 52.0 degC , usage: 100.0 %, power: 153019 W
GPU 0 (NVIDIA GeForce GTX 970) core clock: 949.0 MHz, temp: 53.0 degC , usage: 100.0 %, power: 152954 W
GPU 0 (NVIDIA GeForce GTX 970) core clock: 949.0 MHz, temp: 53.0 degC , usage: 100.0 %, power: 152791 W
GPU 0 (NVIDIA GeForce GTX 970) core clock: 936.0 MHz, temp: 53.0 degC , usage: 100.0 %, power: 152537 W
GPU 0 (NVIDIA GeForce GTX 970) core clock: 936.0 MHz, temp: 53.0 degC , usage: 100.0 %, power: 152347 W
GPU 0 (NVIDIA GeForce GTX 970) core clock: 949.0 MHz, temp: 54.0 degC , usage: 100.0 %, power: 153540 W
GPU 0 (NVIDIA GeForce GTX 970) core clock: 936.0 MHz, temp: 54.0 degC , usage: 100.0 %, power: 152632 W
GPU 0 (NVIDIA GeForce GTX 970) core clock: 949.0 MHz, temp: 54.0 degC , usage: 100.0 %, power: 153010 W
GPU 0 (NVIDIA GeForce GTX 970) core clock: 949.0 MHz, temp: 54.0 degC , usage: 100.0 %, power: 153105 W
GPU 0 (NVIDIA GeForce GTX 970) core clock: 936.0 MHz, temp: 55.0 degC , usage: 100.0 %, power: 151976 W
GPU 0 (NVIDIA GeForce GTX 970) core clock: 936.0 MHz, temp: 55.0 degC , usage: 100.0 %, power: 152575 W
GPU 0 (NVIDIA GeForce GTX 970) core clock: 936.0 MHz, temp: 55.0 degC , usage: 100.0 %, power: 152033 W
GPU 0 (NVIDIA GeForce GTX 970) core clock: 949.0 MHz, temp: 55.0 degC , usage: 100.0 %, power: 153768 W
GPU 0 (NVIDIA GeForce GTX 970) core clock: 949.0 MHz, temp: 56.0 degC , usage: 100.0 %, power: 153049 W
GPU 0 (NVIDIA GeForce GTX 970) core clock: 949.0 MHz, temp: 56.0 degC , usage: 100.0 %, power: 153484 W
GPU 0 (NVIDIA GeForce GTX 970) core clock: 936.0 MHz, temp: 56.0 degC , usage: 100.0 %, power: 152601 W
GPU 0 (NVIDIA GeForce GTX 970) core clock: 936.0 MHz, temp: 56.0 degC , usage: 100.0 %, power: 152632 W
GPU 0 (NVIDIA GeForce GTX 970) core clock: 936.0 MHz, temp: 56.0 degC , usage: 100.0 %, power: 152506 W
GPU 0 (NVIDIA GeForce GTX 970) core clock: 961.0 MHz, temp: 57.0 degC , usage: 100.0 %, power: 153635 W
GPU 0 (NVIDIA GeForce GTX 970) core clock: 961.0 MHz, temp: 57.0 degC , usage: 100.0 %, power: 153674 W
GPU 0 (NVIDIA GeForce GTX 970) core clock: 948.0 MHz, temp: 57.0 degC , usage: 100.0 %, power: 152670 W
GPU 0 (NVIDIA GeForce GTX 970) core clock: 948.0 MHz, temp: 57.0 degC , usage: 100.0 %, power: 152632 W
GPU 0 (NVIDIA GeForce GTX 970) core clock: 948.0 MHz, temp: 58.0 degC , usage: 100.0 %, power: 152537 W
GPU 0 (NVIDIA GeForce GTX 970) core clock: 948.0 MHz, temp: 57.0 degC , usage: 100.0 %, power: 152726 W
GPU 0 (NVIDIA GeForce GTX 970) core clock: 961.0 MHz, temp: 58.0 degC , usage: 100.0 %, power: 153863 W
GPU 0 (NVIDIA GeForce GTX 970) core clock: 948.0 MHz, temp: 58.0 degC , usage: 100.0 %, power: 153010 W
GPU 0 (NVIDIA GeForce GTX 970) core clock: 948.0 MHz, temp: 58.0 degC , usage: 100.0 %, power: 152632 W
GPU 0 (NVIDIA GeForce GTX 970) core clock: 948.0 MHz, temp: 58.0 degC , usage: 100.0 %, power: 153105 W
[ Demo Quick Stats ]
- demo                 : FurMark (GL) (built-in: YES)
- renderer             : NVIDIA GeForce GTX 970/PCIe/SSE2
- 3D API               : OpenGL 3.2.0 NVIDIA 580.178.04
- resolution           : 1920x1080
- SCORE                : 3017
- duration             : 60019 ms
- FPS (min/avg/max)    : 50 / 50 / 52
- GPU 0: NVIDIA GeForce GTX 970 [10DE-13C2]
  .max temperature: 58°C
